IdHospital  Nombre                                                                                                                                                 Ubicacion                                                                                                                                                                                                                                                       ESTADO
----------- ------------------------------------------------------------------------------------------------------------------------------------------------------ --------------------------------------------------------------------------------------------------------------------------------------------------------------------------------------------------------------------------------------------------------------- --------
1           Hospital Fernando Vélez Paiz                                                                                                                           Managua, Nicaragua                                                                                                                                                                                                                                              Activo
2           Hospital Dr. Humberto Alvarado Vásquez                                                                                                                 Masaya, Nicaragua                                                                                                                                                                                                                                               Activo
3           Centro de Salud Monimbó                                                                                                                                Masaya, Nicaragua                                                                                                                                                                                                                                               Activo
4           Hospital Fernando Vélez Paiz                                                                                                                           Managua, Nicaragua                                                                                                                                                                                                                                              Activo
5           Hospital Dr. Humberto Alvarado Vásquez                                                                                                                 Masaya, Nicaragua                                                                                                                                                                                                                                               Activo
6           Centro de Salud Monimbó                                                                                                                                Masaya, Nicaragua                                                                                                                                                                                                                                               Activo
7           Hospital Fernando Vélez Paiz                                                                                                                           Managua, Nicaragua                                                                                                                                                                                                                                              Activo
8           Hospital Dr. Humberto Alvarado Vásquez                                                                                                                 Masaya, Nicaragua                                                                                                                                                                                                                                               Activo
9           Centro de Salud Monimbó                                                                                                                                Masaya, Nicaragua                                                                                                                                                                                                                                               Activo
10          Centro de Salud Sanar Rural Principal                                                                                                                  Km 15 Carretera a Masaya, Managua                                                                                                                                                                                                                               Activo
11          Puesto Médico Comunitario El Edén                                                                                                                      Comarca El Edén, Managua                                                                                                                                                                                                                                        Activo

(11 filas afectadas)


Hora de finalización: 2026-09-17T21:59:55.8630444-06:00
